// Vitest Snapshot v1, https://vitest.dev/guide/snapshot.html

exports[`ConvItem component > Check ConvItem 1`] = `
{
  "asFragment": [Function],
  "baseElement": <body>
    <div>
      <div
        class="MuiButtonBase-root MuiListItemButton-root MuiListItemButton-gutters MuiListItemButton-root MuiListItemButton-gutters css-10a9ai8-MuiButtonBase-root-MuiListItemButton-root"
        role="button"
        tabindex="0"
      >
        <div
          class="MuiListItemAvatar-root css-1e9lk82-MuiListItemAvatar-root"
        >
          <div
            class="MuiAvatar-root MuiAvatar-circular MuiAvatar-colorDefault css-53rrgp-MuiAvatar-root"
          >
            m
          </div>
        </div>
        <div
          class="MuiListItemText-root MuiListItemText-multiline css-konndc-MuiListItemText-root"
        >
          <h6
            class="MuiTypography-root MuiTypography-subtitle1 css-1wp00cw-MuiTypography-root"
          >
            masleeh
          </h6>
          <div
            class="MuiTypography-root MuiTypography-body2 MuiListItemText-secondary MuiBox-root css-pinrqx-MuiTypography-root"
          >
            <div
              class="MuiStack-root css-3y1137-MuiStack-root"
            >
              <span
                class="MuiTypography-root MuiTypography-body2 css-98hkvb-MuiTypography-root"
              >
                ahahahaha
              </span>
              <svg
                aria-hidden="true"
                class="MuiSvgIcon-root MuiSvgIcon-fontSizeMedium css-z81eeg-MuiSvgIcon-root"
                data-testid="DoneAllIcon"
                focusable="false"
                viewBox="0 0 24 24"
              >
                <path
                  d="m18 7-1.41-1.41-6.34 6.34 1.41 1.41L18 7zm4.24-1.41L11.66 16.17 7.48 12l-1.41 1.41L11.66 19l12-12-1.42-1.41zM.41 13.41 6 19l1.41-1.41L1.83 12 .41 13.41z"
                />
              </svg>
            </div>
          </div>
        </div>
        <span
          class="MuiTouchRipple-root css-8je8zh-MuiTouchRipple-root"
        />
      </div>
    </div>
  </body>,
  "container": <div>
    <div
      class="MuiButtonBase-root MuiListItemButton-root MuiListItemButton-gutters MuiListItemButton-root MuiListItemButton-gutters css-10a9ai8-MuiButtonBase-root-MuiListItemButton-root"
      role="button"
      tabindex="0"
    >
      <div
        class="MuiListItemAvatar-root css-1e9lk82-MuiListItemAvatar-root"
      >
        <div
          class="MuiAvatar-root MuiAvatar-circular MuiAvatar-colorDefault css-53rrgp-MuiAvatar-root"
        >
          m
        </div>
      </div>
      <div
        class="MuiListItemText-root MuiListItemText-multiline css-konndc-MuiListItemText-root"
      >
        <h6
          class="MuiTypography-root MuiTypography-subtitle1 css-1wp00cw-MuiTypography-root"
        >
          masleeh
        </h6>
        <div
          class="MuiTypography-root MuiTypography-body2 MuiListItemText-secondary MuiBox-root css-pinrqx-MuiTypography-root"
        >
          <div
            class="MuiStack-root css-3y1137-MuiStack-root"
          >
            <span
              class="MuiTypography-root MuiTypography-body2 css-98hkvb-MuiTypography-root"
            >
              ahahahaha
            </span>
            <svg
              aria-hidden="true"
              class="MuiSvgIcon-root MuiSvgIcon-fontSizeMedium css-z81eeg-MuiSvgIcon-root"
              data-testid="DoneAllIcon"
              focusable="false"
              viewBox="0 0 24 24"
            >
              <path
                d="m18 7-1.41-1.41-6.34 6.34 1.41 1.41L18 7zm4.24-1.41L11.66 16.17 7.48 12l-1.41 1.41L11.66 19l12-12-1.42-1.41zM.41 13.41 6 19l1.41-1.41L1.83 12 .41 13.41z"
              />
            </svg>
          </div>
        </div>
      </div>
      <span
        class="MuiTouchRipple-root css-8je8zh-MuiTouchRipple-root"
      />
    </div>
  </div>,
  "debug": [Function],
  "findAllByAltText": [Function],
  "findAllByDisplayValue": [Function],
  "findAllByLabelText": [Function],
  "findAllByPlaceholderText": [Function],
  "findAllByRole": [Function],
  "findAllByTestId": [Function],
  "findAllByText": [Function],
  "findAllByTitle": [Function],
  "findByAltText": [Function],
  "findByDisplayValue": [Function],
  "findByLabelText": [Function],
  "findByPlaceholderText": [Function],
  "findByRole": [Function],
  "findByTestId": [Function],
  "findByText": [Function],
  "findByTitle": [Function],
  "getAllByAltText": [Function],
  "getAllByDisplayValue": [Function],
  "getAllByLabelText": [Function],
  "getAllByPlaceholderText": [Function],
  "getAllByRole": [Function],
  "getAllByTestId": [Function],
  "getAllByText": [Function],
  "getAllByTitle": [Function],
  "getByAltText": [Function],
  "getByDisplayValue": [Function],
  "getByLabelText": [Function],
  "getByPlaceholderText": [Function],
  "getByRole": [Function],
  "getByTestId": [Function],
  "getByText": [Function],
  "getByTitle": [Function],
  "queryAllByAltText": [Function],
  "queryAllByDisplayValue": [Function],
  "queryAllByLabelText": [Function],
  "queryAllByPlaceholderText": [Function],
  "queryAllByRole": [Function],
  "queryAllByTestId": [Function],
  "queryAllByText": [Function],
  "queryAllByTitle": [Function],
  "queryByAltText": [Function],
  "queryByDisplayValue": [Function],
  "queryByLabelText": [Function],
  "queryByPlaceholderText": [Function],
  "queryByRole": [Function],
  "queryByTestId": [Function],
  "queryByText": [Function],
  "queryByTitle": [Function],
  "rerender": [Function],
  "unmount": [Function],
}
`;
